> Task :app:clean
> Task :app:preBuild UP-TO-DATE
> Task :app:preDebugBuild UP-TO-DATE
> Task :app:mergeDebugNativeDebugMetadata NO-SOURCE
> Task :app:checkKotlinGradlePluginConfigurationErrors
> Task :app:generateDebugResValues
> Task :app:mapDebugSourceSetPaths
> Task :app:checkDebugAarMetadata
> Task :app:generateDebugResources
> Task :app:packageDebugResources
> Task :app:createDebugCompatibleScreenManifests
> Task :app:extractDeepLinksDebug
> Task :app:parseDebugLocalResources

> Task :app:processDebugMainManifest
[org.tensorflow:tensorflow-lite:2.14.0] C:\Users\rjpra\.gradle\caches\transforms-4\7346d773eeb83d5035ca7f627668aedb\transformed\tensorflow-lite-2.14.0\AndroidManifest.xml Warning:
	Namespace 'org.tensorflow.lite' is used in multiple modules and/or libraries: org.tensorflow:tensorflow-lite:2.14.0, org.tensorflow:tensorflow-lite-api:2.14.0. Please ensure that all modules and libraries have a unique namespace. For more information, See https://developer.android.com/studio/build/configure-app-module#set-namespace
[org.tensorflow:tensorflow-lite-support:0.4.4] C:\Users\rjpra\.gradle\caches\transforms-4\ab25b905ce1f7bc1f055c566c73453b9\transformed\tensorflow-lite-support-0.4.4\AndroidManifest.xml Warning:
	Namespace 'org.tensorflow.lite.support' is used in multiple modules and/or libraries: org.tensorflow:tensorflow-lite-support:0.4.4, org.tensorflow:tensorflow-lite-support-api:0.4.4. Please ensure that all modules and libraries have a unique namespace. For more information, See https://developer.android.com/studio/build/configure-app-module#set-namespace

> Task :app:processDebugManifest
> Task :app:mergeDebugShaders
> Task :app:compileDebugShaders NO-SOURCE
> Task :app:generateDebugAssets UP-TO-DATE
> Task :app:javaPreCompileDebug
> Task :app:mergeDebugResources
> Task :app:mergeDebugAssets
> Task :app:desugarDebugFileDependencies
> Task :app:mergeDebugStartupProfile UP-TO-DATE
> Task :app:mergeDebugJniLibFolders
> Task :app:compressDebugAssets
> Task :app:validateSigningDebug
> Task :app:writeDebugAppMetadata
> Task :app:writeDebugSigningConfigVersions
> Task :app:buildKotlinToolingMetadata
> Task :app:preReleaseBuild UP-TO-DATE
> Task :app:checkDebugDuplicateClasses
> Task :app:checkReleaseAarMetadata
> Task :app:generateReleaseResValues
> Task :app:mapReleaseSourceSetPaths
> Task :app:mergeLibDexDebug
> Task :app:generateReleaseResources
> Task :app:mergeDebugNativeLibs
> Task :app:packageReleaseResources
> Task :app:createReleaseCompatibleScreenManifests
> Task :app:parseReleaseLocalResources
> Task :app:extractDeepLinksRelease

> Task :app:stripDebugDebugSymbols
Unable to strip the following libraries, packaging them as they are: libandroidx.graphics.path.so, libface_detector_v2_jni.so, libimage_processing_util_jni.so, libtensorflowlite_jni.so.

> Task :app:processReleaseMainManifest
[org.tensorflow:tensorflow-lite:2.14.0] C:\Users\rjpra\.gradle\caches\transforms-4\7346d773eeb83d5035ca7f627668aedb\transformed\tensorflow-lite-2.14.0\AndroidManifest.xml Warning:
	Namespace 'org.tensorflow.lite' is used in multiple modules and/or libraries: org.tensorflow:tensorflow-lite:2.14.0, org.tensorflow:tensorflow-lite-api:2.14.0. Please ensure that all modules and libraries have a unique namespace. For more information, See https://developer.android.com/studio/build/configure-app-module#set-namespace
[org.tensorflow:tensorflow-lite-support:0.4.4] C:\Users\rjpra\.gradle\caches\transforms-4\ab25b905ce1f7bc1f055c566c73453b9\transformed\tensorflow-lite-support-0.4.4\AndroidManifest.xml Warning:
	Namespace 'org.tensorflow.lite.support' is used in multiple modules and/or libraries: org.tensorflow:tensorflow-lite-support:0.4.4, org.tensorflow:tensorflow-lite-support-api:0.4.4. Please ensure that all modules and libraries have a unique namespace. For more information, See https://developer.android.com/studio/build/configure-app-module#set-namespace

> Task :app:processReleaseManifest
> Task :app:processDebugManifestForPackage
> Task :app:javaPreCompileRelease
> Task :app:mergeReleaseResources
> Task :app:extractProguardFiles
> Task :app:mergeReleaseJniLibFolders
> Task :app:desugarReleaseFileDependencies
> Task :app:mergeReleaseStartupProfile UP-TO-DATE
> Task :app:checkReleaseDuplicateClasses
> Task :app:mergeReleaseArtProfile
> Task :app:mergeReleaseShaders
> Task :app:compileReleaseShaders NO-SOURCE
> Task :app:generateReleaseAssets UP-TO-DATE
> Task :app:mergeReleaseAssets
> Task :app:processReleaseManifestForPackage
> Task :app:extractReleaseVersionControlInfo
> Task :app:compressReleaseAssets
> Task :app:mergeReleaseNativeLibs
> Task :app:collectReleaseDependencies
> Task :app:sdkReleaseDependencyData
> Task :app:writeReleaseAppMetadata
> Task :app:writeReleaseSigningConfigVersions
> Task :app:preDebugAndroidTestBuild SKIPPED
> Task :app:generateDebugAndroidTestResValues
> Task :app:preDebugUnitTestBuild UP-TO-DATE
> Task :app:preReleaseUnitTestBuild UP-TO-DATE
> Task :app:javaPreCompileDebugUnitTest
> Task :app:javaPreCompileReleaseUnitTest

> Task :app:stripReleaseDebugSymbols
Unable to strip the following libraries, packaging them as they are: libandroidx.graphics.path.so, libface_detector_v2_jni.so, libimage_processing_util_jni.so, libtensorflowlite_jni.so.

> Task :app:extractReleaseNativeSymbolTables
> Task :app:mergeReleaseNativeDebugMetadata NO-SOURCE
> Task :app:processDebugResources
> Task :app:processReleaseResources
> Task :app:optimizeReleaseResources
> Task :app:kspDebugKotlin
> Task :app:kspReleaseKotlin
> Task :app:mergeExtDexDebug
> Task :app:mergeExtDexRelease
> Task :app:kaptGenerateStubsDebugKotlin
> Task :app:kaptGenerateStubsReleaseKotlin
> Task :app:kaptReleaseKotlin
> Task :app:kaptDebugKotlin

> Task :app:compileDebugKotlin FAILED
.\gradlew.bat : e: file:///C:/Users/rjpra/Dow
nloads/NextGen-PDS_Kiosk/app/src/main/java/co
m/example/nextgen_pds_kiosk/viewmodel/Dispens
erViewModel.kt:34:63 Unresolved reference: 
status
At line:1 char:1
+ .\gradlew.bat clean build --stacktrace > 
build_output.txt 2>&1
+ ~~~~~~~~~~~~~~~~~~~~~~~~~~~~~~~~~~~~~~~~~~~
~~~~~~~~~~~~~~~~~~~
    + CategoryInfo          : NotSpecified:  
   (e: file:///C:/U...ference: status:Strin  
  g) [], RemoteException
    + FullyQualifiedErrorId : NativeCommandE 
   rror
 
e: file:///C:/Users/rjpra/Downloads/NextGen-P
DS_Kiosk/app/src/main/java/com/example/nextge
n_pds_kiosk/viewmodel/DispenserViewModel.kt:5
1:63 Unresolved reference: status

> Task :app:compileReleaseKotlin FAILED
e: file:///C:/Users/rjpra/Downloads/NextGen-P
DS_Kiosk/app/src/main/java/com/example/nextge
n_pds_kiosk/viewmodel/DispenserViewModel.kt:3
4:63 Unresolved reference: status
e: file:///C:/Users/rjpra/Downloads/NextGen-P
DS_Kiosk/app/src/main/java/com/example/nextge
n_pds_kiosk/viewmodel/DispenserViewModel.kt:5
1:63 Unresolved reference: status

FAILURE: Build completed with 2 failures.

1: Task failed with an exception.
-----------
* What went wrong:
Execution failed for task 
':app:compileDebugKotlin'.
> A failure occurred while executing org.jetb
rains.kotlin.compilerRunner.GradleCompilerRun
nerWithWorkers$GradleKotlinCompilerWorkAction
   > Compilation error. See log for more 
details

* Try:
> Run with --info or --debug option to get 
more log output.
> Run with --scan to get full insights.
> Get more help at https://help.gradle.org.

* Exception is:
org.gradle.api.tasks.TaskExecutionException: 
Execution failed for task 
':app:compileDebugKotlin'.
	at org.gradle.api.internal.tasks.execution.E
xecuteActionsTaskExecuter.lambda$executeIfVal
id$1(ExecuteActionsTaskExecuter.java:130)
	at org.gradle.internal.Try$Failure.ifSuccess
fulOrElse(Try.java:282)
	at org.gradle.api.internal.tasks.execution.E
xecuteActionsTaskExecuter.executeIfValid(Exec
uteActionsTaskExecuter.java:128)
	at org.gradle.api.internal.tasks.execution.E
xecuteActionsTaskExecuter.execute(ExecuteActi
onsTaskExecuter.java:116)
	at org.gradle.api.internal.tasks.execution.F
inalizePropertiesTaskExecuter.execute(Finaliz
ePropertiesTaskExecuter.java:46)
	at org.gradle.api.internal.tasks.execution.R
esolveTaskExecutionModeExecuter.execute(Resol
veTaskExecutionModeExecuter.java:51)
	at org.gradle.api.internal.tasks.execution.S
kipTaskWithNoActionsExecuter.execute(SkipTask
WithNoActionsExecuter.java:57)
	at org.gradle.api.internal.tasks.execution.S
kipOnlyIfTaskExecuter.execute(SkipOnlyIfTaskE
xecuter.java:74)
	at org.gradle.api.internal.tasks.execution.C
atchExceptionTaskExecuter.execute(CatchExcept
ionTaskExecuter.java:36)
	at org.gradle.api.internal.tasks.execution.E
ventFiringTaskExecuter$1.executeTask(EventFir
ingTaskExecuter.java:77)
	at org.gradle.api.internal.tasks.execution.E
ventFiringTaskExecuter$1.call(EventFiringTask
Executer.java:55)
	at org.gradle.api.internal.tasks.execution.E
ventFiringTaskExecuter$1.call(EventFiringTask
Executer.java:52)
	at org.gradle.internal.operations.DefaultBui
ldOperationRunner$CallableBuildOperationWorke
r.execute(DefaultBuildOperationRunner.java:20
0)
	at org.gradle.internal.operations.DefaultBui
ldOperationRunner$CallableBuildOperationWorke
r.execute(DefaultBuildOperationRunner.java:19
5)
	at org.gradle.internal.operations.DefaultBui
ldOperationRunner$2.execute(DefaultBuildOpera
tionRunner.java:66)
	at org.gradle.internal.operations.DefaultBui
ldOperationRunner$2.execute(DefaultBuildOpera
tionRunner.java:59)
	at org.gradle.internal.operations.DefaultBui
ldOperationRunner.execute(DefaultBuildOperati
onRunner.java:157)
	at org.gradle.internal.operations.DefaultBui
ldOperationRunner.execute(DefaultBuildOperati
onRunner.java:59)
	at org.gradle.internal.operations.DefaultBui
ldOperationRunner.call(DefaultBuildOperationR
unner.java:53)
	at org.gradle.internal.operations.DefaultBui
ldOperationExecutor.call(DefaultBuildOperatio
nExecutor.java:73)
	at org.gradle.api.internal.tasks.execution.E
ventFiringTaskExecuter.execute(EventFiringTas
kExecuter.java:52)
	at org.gradle.execution.plan.LocalTaskNodeEx
ecutor.execute(LocalTaskNodeExecutor.java:42)
	at org.gradle.execution.taskgraph.DefaultTas
kExecutionGraph$InvokeNodeExecutorsAction.exe
cute(DefaultTaskExecutionGraph.java:331)
	at org.gradle.execution.taskgraph.DefaultTas
kExecutionGraph$InvokeNodeExecutorsAction.exe
cute(DefaultTaskExecutionGraph.java:318)
	at org.gradle.execution.taskgraph.DefaultTas
kExecutionGraph$BuildOperationAwareExecutionA
ction.lambda$execute$0(DefaultTaskExecutionGr
aph.java:314)
	at org.gradle.internal.operations.CurrentBui
ldOperationRef.with(CurrentBuildOperationRef.
java:80)
	at org.gradle.execution.taskgraph.DefaultTas
kExecutionGraph$BuildOperationAwareExecutionA
ction.execute(DefaultTaskExecutionGraph.java:
314)
	at org.gradle.execution.taskgraph.DefaultTas
kExecutionGraph$BuildOperationAwareExecutionA
ction.execute(DefaultTaskExecutionGraph.java:
303)
	at org.gradle.execution.plan.DefaultPlanExec
utor$ExecutorWorker.execute(DefaultPlanExecut
or.java:463)
	at org.gradle.execution.plan.DefaultPlanExec
utor$ExecutorWorker.run(DefaultPlanExecutor.j
ava:380)
	at org.gradle.internal.concurrent.ExecutorPo
licy$CatchAndRecordFailures.onExecute(Executo
rPolicy.java:64)
	at org.gradle.internal.concurrent.AbstractMa
nagedExecutor$1.run(AbstractManagedExecutor.j
ava:47)
Caused by: org.gradle.workers.internal.Defaul
tWorkerExecutor$WorkExecutionException: A 
failure occurred while executing org.jetbrain
s.kotlin.compilerRunner.GradleCompilerRunnerW
ithWorkers$GradleKotlinCompilerWorkAction
	at org.gradle.workers.internal.DefaultWorker
Executor$WorkItemExecution.waitForCompletion(
DefaultWorkerExecutor.java:287)
	at org.gradle.internal.work.DefaultAsyncWork
Tracker.lambda$waitForItemsAndGatherFailures$
2(DefaultAsyncWorkTracker.java:130)
	at org.gradle.internal.Factories$1.create(Fa
ctories.java:31)
	at org.gradle.internal.work.DefaultWorkerLea
seService.withoutLocks(DefaultWorkerLeaseServ
ice.java:336)
	at org.gradle.internal.work.DefaultWorkerLea
seService.withoutLocks(DefaultWorkerLeaseServ
ice.java:319)
	at org.gradle.internal.work.DefaultWorkerLea
seService.withoutLock(DefaultWorkerLeaseServi
ce.java:324)
	at org.gradle.internal.work.DefaultAsyncWork
Tracker.waitForItemsAndGatherFailures(Default
AsyncWorkTracker.java:126)
	at org.gradle.internal.work.DefaultAsyncWork
Tracker.waitForItemsAndGatherFailures(Default
AsyncWorkTracker.java:92)
	at org.gradle.internal.work.DefaultAsyncWork
Tracker.waitForAll(DefaultAsyncWorkTracker.ja
va:78)
	at org.gradle.internal.work.DefaultAsyncWork
Tracker.waitForCompletion(DefaultAsyncWorkTra
cker.java:66)
	at org.gradle.api.internal.tasks.execution.T
askExecution$3.run(TaskExecution.java:252)
	at org.gradle.internal.operations.DefaultBui
ldOperationRunner$1.execute(DefaultBuildOpera
tionRunner.java:29)
	at org.gradle.internal.operations.DefaultBui
ldOperationRunner$1.execute(DefaultBuildOpera
tionRunner.java:26)
	at org.gradle.internal.operations.DefaultBui
ldOperationRunner$2.execute(DefaultBuildOpera
tionRunner.java:66)
	at org.gradle.internal.operations.DefaultBui
ldOperationRunner$2.execute(DefaultBuildOpera
tionRunner.java:59)
	at org.gradle.internal.operations.DefaultBui
ldOperationRunner.execute(DefaultBuildOperati
onRunner.java:157)
	at org.gradle.internal.operations.DefaultBui
ldOperationRunner.execute(DefaultBuildOperati
onRunner.java:59)
	at org.gradle.internal.operations.DefaultBui
ldOperationRunner.run(DefaultBuildOperationRu
nner.java:47)
	at org.gradle.internal.operations.DefaultBui
ldOperationExecutor.run(DefaultBuildOperation
Executor.java:68)
	at org.gradle.api.internal.tasks.execution.T
askExecution.executeAction(TaskExecution.java
:229)
	at org.gradle.api.internal.tasks.execution.T
askExecution.executeActions(TaskExecution.jav
a:212)
	at org.gradle.api.internal.tasks.execution.T
askExecution.executeWithPreviousOutputFiles(T
askExecution.java:195)
	at org.gradle.api.internal.tasks.execution.T
askExecution.execute(TaskExecution.java:162)
	at org.gradle.internal.execution.steps.Execu
teStep.executeInternal(ExecuteStep.java:105)
	at org.gradle.internal.execution.steps.Execu
teStep.access$000(ExecuteStep.java:44)
	at org.gradle.internal.execution.steps.Execu
teStep$1.call(ExecuteStep.java:59)
	at org.gradle.internal.execution.steps.Execu
teStep$1.call(ExecuteStep.java:56)
	at org.gradle.internal.operations.DefaultBui
ldOperationRunner$CallableBuildOperationWorke
r.execute(DefaultBuildOperationRunner.java:20
0)
	at org.gradle.internal.operations.DefaultBui
ldOperationRunner$CallableBuildOperationWorke
r.execute(DefaultBuildOperationRunner.java:19
5)
	at org.gradle.internal.operations.DefaultBui
ldOperationRunner$2.execute(DefaultBuildOpera
tionRunner.java:66)
	at org.gradle.internal.operations.DefaultBui
ldOperationRunner$2.execute(DefaultBuildOpera
tionRunner.java:59)
	at org.gradle.internal.operations.DefaultBui
ldOperationRunner.execute(DefaultBuildOperati
onRunner.java:157)
	at org.gradle.internal.operations.DefaultBui
ldOperationRunner.execute(DefaultBuildOperati
onRunner.java:59)
	at org.gradle.internal.operations.DefaultBui
ldOperationRunner.call(DefaultBuildOperationR
unner.java:53)
	at org.gradle.internal.operations.DefaultBui
ldOperationExecutor.call(DefaultBuildOperatio
nExecutor.java:73)
	at org.gradle.internal.execution.steps.Execu
teStep.execute(ExecuteStep.java:56)
	at org.gradle.internal.execution.steps.Execu
teStep.execute(ExecuteStep.java:44)
	at org.gradle.internal.execution.steps.Cance
lExecutionStep.execute(CancelExecutionStep.ja
va:41)
	at org.gradle.internal.execution.steps.Timeo
utStep.executeWithoutTimeout(TimeoutStep.java
:74)
	at org.gradle.internal.execution.steps.Timeo
utStep.execute(TimeoutStep.java:55)
	at org.gradle.internal.execution.steps.PreCr
eateOutputParentsStep.execute(PreCreateOutput
ParentsStep.java:50)
	at org.gradle.internal.execution.steps.PreCr
eateOutputParentsStep.execute(PreCreateOutput
ParentsStep.java:28)
	at org.gradle.internal.execution.steps.Remov
ePreviousOutputsStep.execute(RemovePreviousOu
tputsStep.java:67)
	at org.gradle.internal.execution.steps.Remov
ePreviousOutputsStep.execute(RemovePreviousOu
tputsStep.java:37)
	at org.gradle.internal.execution.steps.Broad
castChangingOutputsStep.execute(BroadcastChan
gingOutputsStep.java:61)
	at org.gradle.internal.execution.steps.Broad
castChangingOutputsStep.execute(BroadcastChan
gingOutputsStep.java:26)
	at org.gradle.internal.execution.steps.Captu
reOutputsAfterExecutionStep.execute(CaptureOu
tputsAfterExecutionStep.java:67)
	at org.gradle.internal.execution.steps.Captu
reOutputsAfterExecutionStep.execute(CaptureOu
tputsAfterExecutionStep.java:45)
	at org.gradle.internal.execution.steps.Resol
veInputChangesStep.execute(ResolveInputChange
sStep.java:40)
	at org.gradle.internal.execution.steps.Resol
veInputChangesStep.execute(ResolveInputChange
sStep.java:29)
	at org.gradle.internal.execution.steps.Build
CacheStep.executeWithoutCache(BuildCacheStep.
java:189)
	at org.gradle.internal.execution.steps.Build
CacheStep.lambda$execute$1(BuildCacheStep.jav
a:75)
	at org.gradle.internal.Either$Right.fold(Eit
her.java:175)
	at org.gradle.internal.execution.caching.Cac
hingState.fold(CachingState.java:62)
	at org.gradle.internal.execution.steps.Build
CacheStep.execute(BuildCacheStep.java:73)
	at org.gradle.internal.execution.steps.Build
CacheStep.execute(BuildCacheStep.java:48)
	at org.gradle.internal.execution.steps.Store
ExecutionStateStep.execute(StoreExecutionStat
eStep.java:46)
	at org.gradle.internal.execution.steps.Store
ExecutionStateStep.execute(StoreExecutionStat
eStep.java:35)
	at org.gradle.internal.execution.steps.SkipU
pToDateStep.executeBecause(SkipUpToDateStep.j
ava:76)
	at org.gradle.internal.execution.steps.SkipU
pToDateStep.lambda$execute$2(SkipUpToDateStep
.java:54)
	at org.gradle.internal.execution.steps.SkipU
pToDateStep.execute(SkipUpToDateStep.java:54)
	at org.gradle.internal.execution.steps.SkipU
pToDateStep.execute(SkipUpToDateStep.java:36)
	at org.gradle.internal.execution.steps.legac
y.MarkSnapshottingInputsFinishedStep.execute(
MarkSnapshottingInputsFinishedStep.java:37)
	at org.gradle.internal.execution.steps.legac
y.MarkSnapshottingInputsFinishedStep.execute(
MarkSnapshottingInputsFinishedStep.java:27)
	at org.gradle.internal.execution.steps.Resol
veIncrementalCachingStateStep.executeDelegate
(ResolveIncrementalCachingStateStep.java:49)
	at org.gradle.internal.execution.steps.Resol
veIncrementalCachingStateStep.executeDelegate
(ResolveIncrementalCachingStateStep.java:27)
	at org.gradle.internal.execution.steps.Abstr
actResolveCachingStateStep.execute(AbstractRe
solveCachingStateStep.java:71)
	at org.gradle.internal.execution.steps.Abstr
actResolveCachingStateStep.execute(AbstractRe
solveCachingStateStep.java:39)
	at org.gradle.internal.execution.steps.Resol
veChangesStep.execute(ResolveChangesStep.java
:65)
	at org.gradle.internal.execution.steps.Resol
veChangesStep.execute(ResolveChangesStep.java
:36)
	at org.gradle.internal.execution.steps.Valid
ateStep.execute(ValidateStep.java:106)
	at org.gradle.internal.execution.steps.Valid
ateStep.execute(ValidateStep.java:55)
	at org.gradle.internal.execution.steps.Abstr
actCaptureStateBeforeExecutionStep.execute(Ab
stractCaptureStateBeforeExecutionStep.java:64
)
	at org.gradle.internal.execution.steps.Abstr
actCaptureStateBeforeExecutionStep.execute(Ab
stractCaptureStateBeforeExecutionStep.java:43
)
	at org.gradle.internal.execution.steps.Abstr
actSkipEmptyWorkStep.executeWithNonEmptySourc
es(AbstractSkipEmptyWorkStep.java:125)
	at org.gradle.internal.execution.steps.Abstr
actSkipEmptyWorkStep.execute(AbstractSkipEmpt
yWorkStep.java:61)
	at org.gradle.internal.execution.steps.Abstr
actSkipEmptyWorkStep.execute(AbstractSkipEmpt
yWorkStep.java:36)
	at org.gradle.internal.execution.steps.legac
y.MarkSnapshottingInputsStartedStep.execute(M
arkSnapshottingInputsStartedStep.java:38)
	at org.gradle.internal.execution.steps.LoadP
reviousExecutionStateStep.execute(LoadPreviou
sExecutionStateStep.java:36)
	at org.gradle.internal.execution.steps.LoadP
reviousExecutionStateStep.execute(LoadPreviou
sExecutionStateStep.java:23)
	at org.gradle.internal.execution.steps.Handl
eStaleOutputsStep.execute(HandleStaleOutputsS
tep.java:75)
	at org.gradle.internal.execution.steps.Handl
eStaleOutputsStep.execute(HandleStaleOutputsS
tep.java:41)
	at org.gradle.internal.execution.steps.Assig
nMutableWorkspaceStep.lambda$execute$0(Assign
MutableWorkspaceStep.java:35)
	at org.gradle.api.internal.tasks.execution.T
askExecution$4.withWorkspace(TaskExecution.ja
va:289)
	at org.gradle.internal.execution.steps.Assig
nMutableWorkspaceStep.execute(AssignMutableWo
rkspaceStep.java:31)
	at org.gradle.internal.execution.steps.Assig
nMutableWorkspaceStep.execute(AssignMutableWo
rkspaceStep.java:22)
	at org.gradle.internal.execution.steps.Choos
ePipelineStep.execute(ChoosePipelineStep.java
:40)
	at org.gradle.internal.execution.steps.Choos
ePipelineStep.execute(ChoosePipelineStep.java
:23)
	at org.gradle.internal.execution.steps.Execu
teWorkBuildOperationFiringStep.lambda$execute
$2(ExecuteWorkBuildOperationFiringStep.java:6
7)
	at org.gradle.internal.execution.steps.Execu
teWorkBuildOperationFiringStep.execute(Execut
eWorkBuildOperationFiringStep.java:67)
	at org.gradle.internal.execution.steps.Execu
teWorkBuildOperationFiringStep.execute(Execut
eWorkBuildOperationFiringStep.java:39)
	at org.gradle.internal.execution.steps.Ident
ityCacheStep.execute(IdentityCacheStep.java:4
6)
	at org.gradle.internal.execution.steps.Ident
ityCacheStep.execute(IdentityCacheStep.java:3
4)
	at org.gradle.internal.execution.steps.Ident
ifyStep.execute(IdentifyStep.java:48)
	at org.gradle.internal.execution.steps.Ident
ifyStep.execute(IdentifyStep.java:35)
	at org.gradle.internal.execution.impl.Defaul
tExecutionEngine$1.execute(DefaultExecutionEn
gine.java:61)
	at org.gradle.api.internal.tasks.execution.E
xecuteActionsTaskExecuter.executeIfValid(Exec
uteActionsTaskExecuter.java:127)
	at org.gradle.api.internal.tasks.execution.E
xecuteActionsTaskExecuter.execute(ExecuteActi
onsTaskExecuter.java:116)
	at org.gradle.api.internal.tasks.execution.F
inalizePropertiesTaskExecuter.execute(Finaliz
ePropertiesTaskExecuter.java:46)
	at org.gradle.api.internal.tasks.execution.R
esolveTaskExecutionModeExecuter.execute(Resol
veTaskExecutionModeExecuter.java:51)
	at org.gradle.api.internal.tasks.execution.S
kipTaskWithNoActionsExecuter.execute(SkipTask
WithNoActionsExecuter.java:57)
	at org.gradle.api.internal.tasks.execution.S
kipOnlyIfTaskExecuter.execute(SkipOnlyIfTaskE
xecuter.java:74)
	at org.gradle.api.internal.tasks.execution.C
atchExceptionTaskExecuter.execute(CatchExcept
ionTaskExecuter.java:36)
	at org.gradle.api.internal.tasks.execution.E
ventFiringTaskExecuter$1.executeTask(EventFir
ingTaskExecuter.java:77)
	at org.gradle.api.internal.tasks.execution.E
ventFiringTaskExecuter$1.call(EventFiringTask
Executer.java:55)
	at org.gradle.api.internal.tasks.execution.E
ventFiringTaskExecuter$1.call(EventFiringTask
Executer.java:52)
	at org.gradle.internal.operations.DefaultBui
ldOperationRunner$CallableBuildOperationWorke
r.execute(DefaultBuildOperationRunner.java:20
0)
	at org.gradle.internal.operations.DefaultBui
ldOperationRunner$CallableBuildOperationWorke
r.execute(DefaultBuildOperationRunner.java:19
5)
	at org.gradle.internal.operations.DefaultBui
ldOperationRunner$2.execute(DefaultBuildOpera
tionRunner.java:66)
	at org.gradle.internal.operations.DefaultBui
ldOperationRunner$2.execute(DefaultBuildOpera
tionRunner.java:59)
	at org.gradle.internal.operations.DefaultBui
ldOperationRunner.execute(DefaultBuildOperati
onRunner.java:157)
	at org.gradle.internal.operations.DefaultBui
ldOperationRunner.execute(DefaultBuildOperati
onRunner.java:59)
	at org.gradle.internal.operations.DefaultBui
ldOperationRunner.call(DefaultBuildOperationR
unner.java:53)
	at org.gradle.internal.operations.DefaultBui
ldOperationExecutor.call(DefaultBuildOperatio
nExecutor.java:73)
	at org.gradle.api.internal.tasks.execution.E
ventFiringTaskExecuter.execute(EventFiringTas
kExecuter.java:52)
	at org.gradle.execution.plan.LocalTaskNodeEx
ecutor.execute(LocalTaskNodeExecutor.java:42)
	at org.gradle.execution.taskgraph.DefaultTas
kExecutionGraph$InvokeNodeExecutorsAction.exe
cute(DefaultTaskExecutionGraph.java:331)
	at org.gradle.execution.taskgraph.DefaultTas
kExecutionGraph$InvokeNodeExecutorsAction.exe
cute(DefaultTaskExecutionGraph.java:318)
	at org.gradle.execution.taskgraph.DefaultTas
kExecutionGraph$BuildOperationAwareExecutionA
ction.lambda$execute$0(DefaultTaskExecutionGr
aph.java:314)
	at org.gradle.internal.operations.CurrentBui
ldOperationRef.with(CurrentBuildOperationRef.
java:80)
	at org.gradle.execution.taskgraph.DefaultTas
kExecutionGraph$BuildOperationAwareExecutionA
ction.execute(DefaultTaskExecutionGraph.java:
314)
	at org.gradle.execution.taskgraph.DefaultTas
kExecutionGraph$BuildOperationAwareExecutionA
ction.execute(DefaultTaskExecutionGraph.java:
303)
	at org.gradle.execution.plan.DefaultPlanExec
utor$ExecutorWorker.execute(DefaultPlanExecut
or.java:463)
	at org.gradle.execution.plan.DefaultPlanExec
utor$ExecutorWorker.run(DefaultPlanExecutor.j
ava:380)
	at org.gradle.internal.concurrent.ExecutorPo
licy$CatchAndRecordFailures.onExecute(Executo
rPolicy.java:64)
	at org.gradle.internal.concurrent.AbstractMa
nagedExecutor$1.run(AbstractManagedExecutor.j
ava:47)
Caused by: org.jetbrains.kotlin.gradle.tasks.
CompilationErrorException: Compilation 
error. See log for more details
	at org.jetbrains.kotlin.gradle.tasks.TasksUt
ilsKt.throwExceptionIfCompilationFailed(tasks
Utils.kt:20)
	at org.jetbrains.kotlin.compilerRunner.Gradl
eKotlinCompilerWork.run(GradleKotlinCompilerW
ork.kt:141)
	at org.jetbrains.kotlin.compilerRunner.Gradl
eCompilerRunnerWithWorkers$GradleKotlinCompil
erWorkAction.execute(GradleCompilerRunnerWith
Workers.kt:73)
	at org.gradle.workers.internal.DefaultWorker
Server.execute(DefaultWorkerServer.java:63)
	at org.gradle.workers.internal.NoIsolationWo
rkerFactory$1$1.create(NoIsolationWorkerFacto
ry.java:66)
	at org.gradle.workers.internal.NoIsolationWo
rkerFactory$1$1.create(NoIsolationWorkerFacto
ry.java:62)
	at org.gradle.internal.classloader.ClassLoad
erUtils.executeInClassloader(ClassLoaderUtils
.java:100)
	at org.gradle.workers.internal.NoIsolationWo
rkerFactory$1.lambda$execute$0(NoIsolationWor
kerFactory.java:62)
	at org.gradle.workers.internal.AbstractWorke
r$1.call(AbstractWorker.java:44)
	at org.gradle.workers.internal.AbstractWorke
r$1.call(AbstractWorker.java:41)
	at org.gradle.internal.operations.DefaultBui
ldOperationRunner$CallableBuildOperationWorke
r.execute(DefaultBuildOperationRunner.java:20
0)
	at org.gradle.internal.operations.DefaultBui
ldOperationRunner$CallableBuildOperationWorke
r.execute(DefaultBuildOperationRunner.java:19
5)
	at org.gradle.internal.operations.DefaultBui
ldOperationRunner$2.execute(DefaultBuildOpera
tionRunner.java:66)
	at org.gradle.internal.operations.DefaultBui
ldOperationRunner$2.execute(DefaultBuildOpera
tionRunner.java:59)
	at org.gradle.internal.operations.DefaultBui
ldOperationRunner.execute(DefaultBuildOperati
onRunner.java:157)
	at org.gradle.internal.operations.DefaultBui
ldOperationRunner.execute(DefaultBuildOperati
onRunner.java:59)
	at org.gradle.internal.operations.DefaultBui
ldOperationRunner.call(DefaultBuildOperationR
unner.java:53)
	at org.gradle.internal.operations.DefaultBui
ldOperationExecutor.call(DefaultBuildOperatio
nExecutor.java:73)
	at org.gradle.workers.internal.AbstractWorke
r.executeWrappedInBuildOperation(AbstractWork
er.java:41)
	at org.gradle.workers.internal.NoIsolationWo
rkerFactory$1.execute(NoIsolationWorkerFactor
y.java:59)
	at org.gradle.workers.internal.DefaultWorker
Executor.lambda$submitWork$0(DefaultWorkerExe
cutor.java:174)
	at org.gradle.internal.work.DefaultCondition
alExecutionQueue$ExecutionRunner.runExecution
(DefaultConditionalExecutionQueue.java:187)
	at org.gradle.internal.work.DefaultCondition
alExecutionQueue$ExecutionRunner.access$700(D
efaultConditionalExecutionQueue.java:120)
	at org.gradle.internal.work.DefaultCondition
alExecutionQueue$ExecutionRunner$1.run(Defaul
tConditionalExecutionQueue.java:162)
	at org.gradle.internal.Factories$1.create(Fa
ctories.java:31)
	at org.gradle.internal.work.DefaultWorkerLea
seService.withLocks(DefaultWorkerLeaseService
.java:264)
	at org.gradle.internal.work.DefaultWorkerLea
seService.runAsWorkerThread(DefaultWorkerLeas
eService.java:128)
	at org.gradle.internal.work.DefaultWorkerLea
seService.runAsWorkerThread(DefaultWorkerLeas
eService.java:133)
	at org.gradle.internal.work.DefaultCondition
alExecutionQueue$ExecutionRunner.runBatch(Def
aultConditionalExecutionQueue.java:157)
	at org.gradle.internal.work.DefaultCondition
alExecutionQueue$ExecutionRunner.run(DefaultC
onditionalExecutionQueue.java:126)
	... 2 more

=============================================
=================================

2: Task failed with an exception.
-----------
* What went wrong:
Execution failed for task 
':app:compileReleaseKotlin'.
> A failure occurred while executing org.jetb
rains.kotlin.compilerRunner.GradleCompilerRun
nerWithWorkers$GradleKotlinCompilerWorkAction
   > Compilation error. See log for more 
details

* Try:
> Run with --info or --debug option to get 
more log output.
> Run with --scan to get full insights.
> Get more help at https://help.gradle.org.

* Exception is:
org.gradle.api.tasks.TaskExecutionException: 
Execution failed for task 
':app:compileReleaseKotlin'.
	at org.gradle.api.internal.tasks.execution.E
xecuteActionsTaskExecuter.lambda$executeIfVal
id$1(ExecuteActionsTaskExecuter.java:130)
	at org.gradle.internal.Try$Failure.ifSuccess
fulOrElse(Try.java:282)
	at org.gradle.api.internal.tasks.execution.E
xecuteActionsTaskExecuter.executeIfValid(Exec
uteActionsTaskExecuter.java:128)
	at org.gradle.api.internal.tasks.execution.E
xecuteActionsTaskExecuter.execute(ExecuteActi
onsTaskExecuter.java:116)
	at org.gradle.api.internal.tasks.execution.F
inalizePropertiesTaskExecuter.execute(Finaliz
ePropertiesTaskExecuter.java:46)
	at org.gradle.api.internal.tasks.execution.R
esolveTaskExecutionModeExecuter.execute(Resol
veTaskExecutionModeExecuter.java:51)
	at org.gradle.api.internal.tasks.execution.S
kipTaskWithNoActionsExecuter.execute(SkipTask
WithNoActionsExecuter.java:57)
	at org.gradle.api.internal.tasks.execution.S
kipOnlyIfTaskExecuter.execute(SkipOnlyIfTaskE
xecuter.java:74)
	at org.gradle.api.internal.tasks.execution.C
atchExceptionTaskExecuter.execute(CatchExcept
ionTaskExecuter.java:36)
	at org.gradle.api.internal.tasks.execution.E
ventFiringTaskExecuter$1.executeTask(EventFir
ingTaskExecuter.java:77)
	at org.gradle.api.internal.tasks.execution.E
ventFiringTaskExecuter$1.call(EventFiringTask
Executer.java:55)
	at org.gradle.api.internal.tasks.execution.E
ventFiringTaskExecuter$1.call(EventFiringTask
Executer.java:52)
	at org.gradle.internal.operations.DefaultBui
ldOperationRunner$CallableBuildOperationWorke
r.execute(DefaultBuildOperationRunner.java:20
0)
	at org.gradle.internal.operations.DefaultBui
ldOperationRunner$CallableBuildOperationWorke
r.execute(DefaultBuildOperationRunner.java:19
5)
	at org.gradle.internal.operations.DefaultBui
ldOperationRunner$2.execute(DefaultBuildOpera
tionRunner.java:66)
	at org.gradle.internal.operations.DefaultBui
ldOperationRunner$2.execute(DefaultBuildOpera
tionRunner.java:59)
	at org.gradle.internal.operations.DefaultBui
ldOperationRunner.execute(DefaultBuildOperati
onRunner.java:157)
	at org.gradle.internal.operations.DefaultBui
ldOperationRunner.execute(DefaultBuildOperati
onRunner.java:59)
	at org.gradle.internal.operations.DefaultBui
ldOperationRunner.call(DefaultBuildOperationR
unner.java:53)
	at org.gradle.internal.operations.DefaultBui
ldOperationExecutor.call(DefaultBuildOperatio
nExecutor.java:73)
	at org.gradle.api.internal.tasks.execution.E
ventFiringTaskExecuter.execute(EventFiringTas
kExecuter.java:52)
	at org.gradle.execution.plan.LocalTaskNodeEx
ecutor.execute(LocalTaskNodeExecutor.java:42)
	at org.gradle.execution.taskgraph.DefaultTas
kExecutionGraph$InvokeNodeExecutorsAction.exe
cute(DefaultTaskExecutionGraph.java:331)
	at org.gradle.execution.taskgraph.DefaultTas
kExecutionGraph$InvokeNodeExecutorsAction.exe
cute(DefaultTaskExecutionGraph.java:318)
	at org.gradle.execution.taskgraph.DefaultTas
kExecutionGraph$BuildOperationAwareExecutionA
ction.lambda$execute$0(DefaultTaskExecutionGr
aph.java:314)
	at org.gradle.internal.operations.CurrentBui
ldOperationRef.with(CurrentBuildOperationRef.
java:80)
	at org.gradle.execution.taskgraph.DefaultTas
kExecutionGraph$BuildOperationAwareExecutionA
ction.execute(DefaultTaskExecutionGraph.java:
314)
	at org.gradle.execution.taskgraph.DefaultTas
kExecutionGraph$BuildOperationAwareExecutionA
ction.execute(DefaultTaskExecutionGraph.java:
303)
	at org.gradle.execution.plan.DefaultPlanExec
utor$ExecutorWorker.execute(DefaultPlanExecut
or.java:463)
	at org.gradle.execution.plan.DefaultPlanExec
utor$ExecutorWorker.run(DefaultPlanExecutor.j
ava:380)
	at org.gradle.internal.concurrent.ExecutorPo
licy$CatchAndRecordFailures.onExecute(Executo
rPolicy.java:64)
	at org.gradle.internal.concurrent.AbstractMa
nagedExecutor$1.run(AbstractManagedExecutor.j
ava:47)
	at java.base/java.util.concurrent.ThreadPool
Executor.runWorker(ThreadPoolExecutor.java:11
36)
	at java.base/java.util.concurrent.ThreadPool
Executor$Worker.run(ThreadPoolExecutor.java:6
35)
	at java.base/java.lang.Thread.run(Thread.jav
a:842)
Caused by: org.gradle.workers.internal.Defaul
tWorkerExecutor$WorkExecutionException: A 
failure occurred while executing org.jetbrain
s.kotlin.compilerRunner.GradleCompilerRunnerW
ithWorkers$GradleKotlinCompilerWorkAction
	at org.gradle.workers.internal.DefaultWorker
Executor$WorkItemExecution.waitForCompletion(
DefaultWorkerExecutor.java:287)
	at org.gradle.internal.work.DefaultAsyncWork
Tracker.lambda$waitForItemsAndGatherFailures$
2(DefaultAsyncWorkTracker.java:130)
	at org.gradle.internal.Factories$1.create(Fa
ctories.java:31)
	at org.gradle.internal.work.DefaultWorkerLea
seService.withoutLocks(DefaultWorkerLeaseServ
ice.java:336)
	at org.gradle.internal.work.DefaultWorkerLea
seService.withoutLocks(DefaultWorkerLeaseServ
ice.java:319)
	at org.gradle.internal.work.DefaultWorkerLea
seService.withoutLock(DefaultWorkerLeaseServi
ce.java:324)
	at org.gradle.internal.work.DefaultAsyncWork
Tracker.waitForItemsAndGatherFailures(Default
AsyncWorkTracker.java:126)
	at org.gradle.internal.work.DefaultAsyncWork
Tracker.waitForItemsAndGatherFailures(Default
AsyncWorkTracker.java:92)
	at org.gradle.internal.work.DefaultAsyncWork
Tracker.waitForAll(DefaultAsyncWorkTracker.ja
va:78)
	at org.gradle.internal.work.DefaultAsyncWork
Tracker.waitForCompletion(DefaultAsyncWorkTra
cker.java:66)
	at org.gradle.api.internal.tasks.execution.T
askExecution$3.run(TaskExecution.java:252)
	at org.gradle.internal.operations.DefaultBui
ldOperationRunner$1.execute(DefaultBuildOpera
tionRunner.java:29)
	at org.gradle.internal.operations.DefaultBui
ldOperationRunner$1.execute(DefaultBuildOpera
tionRunner.java:26)
	at org.gradle.internal.operations.DefaultBui
ldOperationRunner$2.execute(DefaultBuildOpera
tionRunner.java:66)
	at org.gradle.internal.operations.DefaultBui
ldOperationRunner$2.execute(DefaultBuildOpera
tionRunner.java:59)
	at org.gradle.internal.operations.DefaultBui
ldOperationRunner.execute(DefaultBuildOperati
onRunner.java:157)
	at org.gradle.internal.operations.DefaultBui
ldOperationRunner.execute(DefaultBuildOperati
onRunner.java:59)
	at org.gradle.internal.operations.DefaultBui
ldOperationRunner.run(DefaultBuildOperationRu
nner.java:47)
	at org.gradle.internal.operations.DefaultBui
ldOperationExecutor.run(DefaultBuildOperation
Executor.java:68)
	at org.gradle.api.internal.tasks.execution.T
askExecution.executeAction(TaskExecution.java
:229)
	at org.gradle.api.internal.tasks.execution.T
askExecution.executeActions(TaskExecution.jav
a:212)
	at org.gradle.api.internal.tasks.execution.T
askExecution.executeWithPreviousOutputFiles(T
askExecution.java:195)
	at org.gradle.api.internal.tasks.execution.T
askExecution.execute(TaskExecution.java:162)
	at org.gradle.internal.execution.steps.Execu
teStep.executeInternal(ExecuteStep.java:105)
	at org.gradle.internal.execution.steps.Execu
teStep.access$000(ExecuteStep.java:44)
	at org.gradle.internal.execution.steps.Execu
teStep$1.call(ExecuteStep.java:59)
	at org.gradle.internal.execution.steps.Execu
teStep$1.call(ExecuteStep.java:56)
	at org.gradle.internal.operations.DefaultBui
ldOperationRunner$CallableBuildOperationWorke
r.execute(DefaultBuildOperationRunner.java:20
0)
	at org.gradle.internal.operations.DefaultBui
ldOperationRunner$CallableBuildOperationWorke
r.execute(DefaultBuildOperationRunner.java:19
5)
	at org.gradle.internal.operations.DefaultBui
ldOperationRunner$2.execute(DefaultBuildOpera
tionRunner.java:66)
	at org.gradle.internal.operations.DefaultBui
ldOperationRunner$2.execute(DefaultBuildOpera
tionRunner.java:59)
	at org.gradle.internal.operations.DefaultBui
ldOperationRunner.execute(DefaultBuildOperati
onRunner.java:157)
	at org.gradle.internal.operations.DefaultBui
ldOperationRunner.execute(DefaultBuildOperati
onRunner.java:59)
	at org.gradle.internal.operations.DefaultBui
ldOperationRunner.call(DefaultBuildOperationR
unner.java:53)
	at org.gradle.internal.operations.DefaultBui
ldOperationExecutor.call(DefaultBuildOperatio
nExecutor.java:73)
	at org.gradle.internal.execution.steps.Execu
teStep.execute(ExecuteStep.java:56)
	at org.gradle.internal.execution.steps.Execu
teStep.execute(ExecuteStep.java:44)
	at org.gradle.internal.execution.steps.Cance
lExecutionStep.execute(CancelExecutionStep.ja
va:41)
	at org.gradle.internal.execution.steps.Timeo
utStep.executeWithoutTimeout(TimeoutStep.java
:74)
	at org.gradle.internal.execution.steps.Timeo
utStep.execute(TimeoutStep.java:55)
	at org.gradle.internal.execution.steps.PreCr
eateOutputParentsStep.execute(PreCreateOutput
ParentsStep.java:50)
	at org.gradle.internal.execution.steps.PreCr
eateOutputParentsStep.execute(PreCreateOutput
ParentsStep.java:28)
	at org.gradle.internal.execution.steps.Remov
ePreviousOutputsStep.execute(RemovePreviousOu
tputsStep.java:67)
	at org.gradle.internal.execution.steps.Remov
ePreviousOutputsStep.execute(RemovePreviousOu
tputsStep.java:37)
	at org.gradle.internal.execution.steps.Broad
castChangingOutputsStep.execute(BroadcastChan
gingOutputsStep.java:61)
	at org.gradle.internal.execution.steps.Broad
castChangingOutputsStep.execute(BroadcastChan
gingOutputsStep.java:26)
	at org.gradle.internal.execution.steps.Captu
reOutputsAfterExecutionStep.execute(CaptureOu
tputsAfterExecutionStep.java:67)
	at org.gradle.internal.execution.steps.Captu
reOutputsAfterExecutionStep.execute(CaptureOu
tputsAfterExecutionStep.java:45)
	at org.gradle.internal.execution.steps.Resol
veInputChangesStep.execute(ResolveInputChange
sStep.java:40)
	at org.gradle.internal.execution.steps.Resol
veInputChangesStep.execute(ResolveInputChange
sStep.java:29)
	at org.gradle.internal.execution.steps.Build
CacheStep.executeWithoutCache(BuildCacheStep.
java:189)
	at org.gradle.internal.execution.steps.Build
CacheStep.lambda$execute$1(BuildCacheStep.jav
a:75)
	at org.gradle.internal.Either$Right.fold(Eit
her.java:175)
	at org.gradle.internal.execution.caching.Cac
hingState.fold(CachingState.java:62)
	at org.gradle.internal.execution.steps.Build
CacheStep.execute(BuildCacheStep.java:73)
	at org.gradle.internal.execution.steps.Build
CacheStep.execute(BuildCacheStep.java:48)
	at org.gradle.internal.execution.steps.Store
ExecutionStateStep.execute(StoreExecutionStat
eStep.java:46)
	at org.gradle.internal.execution.steps.Store
ExecutionStateStep.execute(StoreExecutionStat
eStep.java:35)
	at org.gradle.internal.execution.steps.SkipU
pToDateStep.executeBecause(SkipUpToDateStep.j
ava:76)
	at org.gradle.internal.execution.steps.SkipU
pToDateStep.lambda$execute$2(SkipUpToDateStep
.java:54)
	at java.base/java.util.Optional.orElseGet(Op
tional.java:364)
	at org.gradle.internal.execution.steps.SkipU
pToDateStep.execute(SkipUpToDateStep.java:54)
	at org.gradle.internal.execution.steps.SkipU
pToDateStep.execute(SkipUpToDateStep.java:36)
	at org.gradle.internal.execution.steps.legac
y.MarkSnapshottingInputsFinishedStep.execute(
MarkSnapshottingInputsFinishedStep.java:37)
	at org.gradle.internal.execution.steps.legac
y.MarkSnapshottingInputsFinishedStep.execute(
MarkSnapshottingInputsFinishedStep.java:27)
	at org.gradle.internal.execution.steps.Resol
veIncrementalCachingStateStep.executeDelegate
(ResolveIncrementalCachingStateStep.java:49)
	at org.gradle.internal.execution.steps.Resol
veIncrementalCachingStateStep.executeDelegate
(ResolveIncrementalCachingStateStep.java:27)
	at org.gradle.internal.execution.steps.Abstr
actResolveCachingStateStep.execute(AbstractRe
solveCachingStateStep.java:71)
	at org.gradle.internal.execution.steps.Abstr
actResolveCachingStateStep.execute(AbstractRe
solveCachingStateStep.java:39)
	at org.gradle.internal.execution.steps.Resol
veChangesStep.execute(ResolveChangesStep.java
:65)
	at org.gradle.internal.execution.steps.Resol
veChangesStep.execute(ResolveChangesStep.java
:36)
	at org.gradle.internal.execution.steps.Valid
ateStep.execute(ValidateStep.java:106)
	at org.gradle.internal.execution.steps.Valid
ateStep.execute(ValidateStep.java:55)
	at org.gradle.internal.execution.steps.Abstr
actCaptureStateBeforeExecutionStep.execute(Ab
stractCaptureStateBeforeExecutionStep.java:64
)
	at org.gradle.internal.execution.steps.Abstr
actCaptureStateBeforeExecutionStep.execute(Ab
stractCaptureStateBeforeExecutionStep.java:43
)
	at org.gradle.internal.execution.steps.Abstr
actSkipEmptyWorkStep.executeWithNonEmptySourc
es(AbstractSkipEmptyWorkStep.java:125)
	at org.gradle.internal.execution.steps.Abstr
actSkipEmptyWorkStep.execute(AbstractSkipEmpt
yWorkStep.java:61)
	at org.gradle.internal.execution.steps.Abstr
actSkipEmptyWorkStep.execute(AbstractSkipEmpt
yWorkStep.java:36)
	at org.gradle.internal.execution.steps.legac
y.MarkSnapshottingInputsStartedStep.execute(M
arkSnapshottingInputsStartedStep.java:38)
	at org.gradle.internal.execution.steps.LoadP
reviousExecutionStateStep.execute(LoadPreviou
sExecutionStateStep.java:36)
	at org.gradle.internal.execution.steps.LoadP
reviousExecutionStateStep.execute(LoadPreviou
sExecutionStateStep.java:23)
	at org.gradle.internal.execution.steps.Handl
eStaleOutputsStep.execute(HandleStaleOutputsS
tep.java:75)
	at org.gradle.internal.execution.steps.Handl
eStaleOutputsStep.execute(HandleStaleOutputsS
tep.java:41)
	at org.gradle.internal.execution.steps.Assig
nMutableWorkspaceStep.lambda$execute$0(Assign
MutableWorkspaceStep.java:35)
	at org.gradle.api.internal.tasks.execution.T
askExecution$4.withWorkspace(TaskExecution.ja
va:289)
	at org.gradle.internal.execution.steps.Assig
nMutableWorkspaceStep.execute(AssignMutableWo
rkspaceStep.java:31)
	at org.gradle.internal.execution.steps.Assig
nMutableWorkspaceStep.execute(AssignMutableWo
rkspaceStep.java:22)
	at org.gradle.internal.execution.steps.Choos
ePipelineStep.execute(ChoosePipelineStep.java
:40)
	at org.gradle.internal.execution.steps.Choos
ePipelineStep.execute(ChoosePipelineStep.java
:23)
	at org.gradle.internal.execution.steps.Execu
teWorkBuildOperationFiringStep.lambda$execute
$2(ExecuteWorkBuildOperationFiringStep.java:6
7)
	at java.base/java.util.Optional.orElseGet(Op
tional.java:364)
	at org.gradle.internal.execution.steps.Execu
teWorkBuildOperationFiringStep.execute(Execut
eWorkBuildOperationFiringStep.java:67)
	at org.gradle.internal.execution.steps.Execu
teWorkBuildOperationFiringStep.execute(Execut
eWorkBuildOperationFiringStep.java:39)
	at org.gradle.internal.execution.steps.Ident
ityCacheStep.execute(IdentityCacheStep.java:4
6)
	at org.gradle.internal.execution.steps.Ident
ityCacheStep.execute(IdentityCacheStep.java:3
4)
	at org.gradle.internal.execution.steps.Ident
ifyStep.execute(IdentifyStep.java:48)
	at org.gradle.internal.execution.steps.Ident
ifyStep.execute(IdentifyStep.java:35)
	at org.gradle.internal.execution.impl.Defaul
tExecutionEngine$1.execute(DefaultExecutionEn
gine.java:61)
	at org.gradle.api.internal.tasks.execution.E
xecuteActionsTaskExecuter.executeIfValid(Exec
uteActionsTaskExecuter.java:127)
	at org.gradle.api.internal.tasks.execution.E
xecuteActionsTaskExecuter.execute(ExecuteActi
onsTaskExecuter.java:116)
	at org.gradle.api.internal.tasks.execution.F
inalizePropertiesTaskExecuter.execute(Finaliz
ePropertiesTaskExecuter.java:46)
	at org.gradle.api.internal.tasks.execution.R
esolveTaskExecutionModeExecuter.execute(Resol
veTaskExecutionModeExecuter.java:51)
	at org.gradle.api.internal.tasks.execution.S
kipTaskWithNoActionsExecuter.execute(SkipTask
WithNoActionsExecuter.java:57)
	at org.gradle.api.internal.tasks.execution.S
kipOnlyIfTaskExecuter.execute(SkipOnlyIfTaskE
xecuter.java:74)
	at org.gradle.api.internal.tasks.execution.C
atchExceptionTaskExecuter.execute(CatchExcept
ionTaskExecuter.java:36)
	at org.gradle.api.internal.tasks.execution.E
ventFiringTaskExecuter$1.executeTask(EventFir
ingTaskExecuter.java:77)
	at org.gradle.api.internal.tasks.execution.E
ventFiringTaskExecuter$1.call(EventFiringTask
Executer.java:55)
75 actionable tasks: 73 executed, 2 up-to-date
	at org.gradle.api.internal.tasks.execution.E
ventFiringTaskExecuter$1.call(EventFiringTask
Executer.java:52)
	at org.gradle.internal.operations.DefaultBui
ldOperationRunner$CallableBuildOperationWorke
r.execute(DefaultBuildOperationRunner.java:20
0)
	at org.gradle.internal.operations.DefaultBui
ldOperationRunner$CallableBuildOperationWorke
r.execute(DefaultBuildOperationRunner.java:19
5)
	at org.gradle.internal.operations.DefaultBui
ldOperationRunner$2.execute(DefaultBuildOpera
tionRunner.java:66)
	at org.gradle.internal.operations.DefaultBui
ldOperationRunner$2.execute(DefaultBuildOpera
tionRunner.java:59)
	at org.gradle.internal.operations.DefaultBui
ldOperationRunner.execute(DefaultBuildOperati
onRunner.java:157)
	at org.gradle.internal.operations.DefaultBui
ldOperationRunner.execute(DefaultBuildOperati
onRunner.java:59)
	at org.gradle.internal.operations.DefaultBui
ldOperationRunner.call(DefaultBuildOperationR
unner.java:53)
	at org.gradle.internal.operations.DefaultBui
ldOperationExecutor.call(DefaultBuildOperatio
nExecutor.java:73)
	at org.gradle.api.internal.tasks.execution.E
ventFiringTaskExecuter.execute(EventFiringTas
kExecuter.java:52)
	at org.gradle.execution.plan.LocalTaskNodeEx
ecutor.execute(LocalTaskNodeExecutor.java:42)
	at org.gradle.execution.taskgraph.DefaultTas
kExecutionGraph$InvokeNodeExecutorsAction.exe
cute(DefaultTaskExecutionGraph.java:331)
	at org.gradle.execution.taskgraph.DefaultTas
kExecutionGraph$InvokeNodeExecutorsAction.exe
cute(DefaultTaskExecutionGraph.java:318)
	at org.gradle.execution.taskgraph.DefaultTas
kExecutionGraph$BuildOperationAwareExecutionA
ction.lambda$execute$0(DefaultTaskExecutionGr
aph.java:314)
	at org.gradle.internal.operations.CurrentBui
ldOperationRef.with(CurrentBuildOperationRef.
java:80)
	at org.gradle.execution.taskgraph.DefaultTas
kExecutionGraph$BuildOperationAwareExecutionA
ction.execute(DefaultTaskExecutionGraph.java:
314)
	at org.gradle.execution.taskgraph.DefaultTas
kExecutionGraph$BuildOperationAwareExecutionA
ction.execute(DefaultTaskExecutionGraph.java:
303)
	at org.gradle.execution.plan.DefaultPlanExec
utor$ExecutorWorker.execute(DefaultPlanExecut
or.java:463)
	at org.gradle.execution.plan.DefaultPlanExec
utor$ExecutorWorker.run(DefaultPlanExecutor.j
ava:380)
	at org.gradle.internal.concurrent.ExecutorPo
licy$CatchAndRecordFailures.onExecute(Executo
rPolicy.java:64)
	at org.gradle.internal.concurrent.AbstractMa
nagedExecutor$1.run(AbstractManagedExecutor.j
ava:47)
	at java.base/java.util.concurrent.ThreadPool
Executor.runWorker(ThreadPoolExecutor.java:11
36)
	at java.base/java.util.concurrent.ThreadPool
Executor$Worker.run(ThreadPoolExecutor.java:6
35)
	at java.base/java.lang.Thread.run(Thread.jav
a:842)
Caused by: org.jetbrains.kotlin.gradle.tasks.
CompilationErrorException: Compilation 
error. See log for more details
	at org.jetbrains.kotlin.gradle.tasks.TasksUt
ilsKt.throwExceptionIfCompilationFailed(tasks
Utils.kt:20)
	at org.jetbrains.kotlin.compilerRunner.Gradl
eKotlinCompilerWork.run(GradleKotlinCompilerW
ork.kt:141)
	at org.jetbrains.kotlin.compilerRunner.Gradl
eCompilerRunnerWithWorkers$GradleKotlinCompil
erWorkAction.execute(GradleCompilerRunnerWith
Workers.kt:73)
	at org.gradle.workers.internal.DefaultWorker
Server.execute(DefaultWorkerServer.java:63)
	at org.gradle.workers.internal.NoIsolationWo
rkerFactory$1$1.create(NoIsolationWorkerFacto
ry.java:66)
	at org.gradle.workers.internal.NoIsolationWo
rkerFactory$1$1.create(NoIsolationWorkerFacto
ry.java:62)
	at org.gradle.internal.classloader.ClassLoad
erUtils.executeInClassloader(ClassLoaderUtils
.java:100)
	at org.gradle.workers.internal.NoIsolationWo
rkerFactory$1.lambda$execute$0(NoIsolationWor
kerFactory.java:62)
	at org.gradle.workers.internal.AbstractWorke
r$1.call(AbstractWorker.java:44)
	at org.gradle.workers.internal.AbstractWorke
r$1.call(AbstractWorker.java:41)
	at org.gradle.internal.operations.DefaultBui
ldOperationRunner$CallableBuildOperationWorke
r.execute(DefaultBuildOperationRunner.java:20
0)
	at org.gradle.internal.operations.DefaultBui
ldOperationRunner$CallableBuildOperationWorke
r.execute(DefaultBuildOperationRunner.java:19
5)
	at org.gradle.internal.operations.DefaultBui
ldOperationRunner$2.execute(DefaultBuildOpera
tionRunner.java:66)
	at org.gradle.internal.operations.DefaultBui
ldOperationRunner$2.execute(DefaultBuildOpera
tionRunner.java:59)
	at org.gradle.internal.operations.DefaultBui
ldOperationRunner.execute(DefaultBuildOperati
onRunner.java:157)
	at org.gradle.internal.operations.DefaultBui
ldOperationRunner.execute(DefaultBuildOperati
onRunner.java:59)
	at org.gradle.internal.operations.DefaultBui
ldOperationRunner.call(DefaultBuildOperationR
unner.java:53)
	at org.gradle.internal.operations.DefaultBui
ldOperationExecutor.call(DefaultBuildOperatio
nExecutor.java:73)
	at org.gradle.workers.internal.AbstractWorke
r.executeWrappedInBuildOperation(AbstractWork
er.java:41)
	at org.gradle.workers.internal.NoIsolationWo
rkerFactory$1.execute(NoIsolationWorkerFactor
y.java:59)
	at org.gradle.workers.internal.DefaultWorker
Executor.lambda$submitWork$0(DefaultWorkerExe
cutor.java:174)
	at java.base/java.util.concurrent.FutureTask
.run(FutureTask.java:264)
	at org.gradle.internal.work.DefaultCondition
alExecutionQueue$ExecutionRunner.runExecution
(DefaultConditionalExecutionQueue.java:187)
	at org.gradle.internal.work.DefaultCondition
alExecutionQueue$ExecutionRunner.access$700(D
efaultConditionalExecutionQueue.java:120)
	at org.gradle.internal.work.DefaultCondition
alExecutionQueue$ExecutionRunner$1.run(Defaul
tConditionalExecutionQueue.java:162)
	at org.gradle.internal.Factories$1.create(Fa
ctories.java:31)
	at org.gradle.internal.work.DefaultWorkerLea
seService.withLocks(DefaultWorkerLeaseService
.java:264)
	at org.gradle.internal.work.DefaultWorkerLea
seService.runAsWorkerThread(DefaultWorkerLeas
eService.java:128)
	at org.gradle.internal.work.DefaultWorkerLea
seService.runAsWorkerThread(DefaultWorkerLeas
eService.java:133)
	at org.gradle.internal.work.DefaultCondition
alExecutionQueue$ExecutionRunner.runBatch(Def
aultConditionalExecutionQueue.java:157)
	at org.gradle.internal.work.DefaultCondition
alExecutionQueue$ExecutionRunner.run(DefaultC
onditionalExecutionQueue.java:126)
	at java.base/java.util.concurrent.Executors$
RunnableAdapter.call(Executors.java:539)
	at java.base/java.util.concurrent.FutureTask
.run(FutureTask.java:264)
	... 5 more

=============================================
=================================

BUILD FAILED in 36s
